
> my-project@0.1.0 build
> next build

Γû▓ Next.js 16.2.6 (Turbopack)
- Environments: .env.local

  Creating an optimized production build ...
Γ£ô Compiled successfully in 29.7s
  Skipping validation of types
  Finished TypeScript config validation in 31ms ...
  Collecting page data using 15 workers ...
node.exe : The default export of @sanity/image-url has been deprecated. Use the named export `createImageUrlBuilder` 
instead.
At line:1 char:1
+ & "C:\Program Files\nodejs/node.exe" "C:\Program Files\nodejs/node_mo ...
+ ~~~~~~~~~~~~~~~~~~~~~~~~~~~~~~~~~~~~~~~~~~~~~~~~~~~~~~~~~~~~~~~~~~~~~
    + CategoryInfo          : NotSpecified: (The default exp...ilder` instead.:String) [], RemoteException
    + FullyQualifiedErrorId : NativeCommandError
 
The default export of @sanity/image-url has been deprecated. Use the named export `createImageUrlBuilder` instead.
The default export of @sanity/image-url has been deprecated. Use the named export `createImageUrlBuilder` instead.
The default export of @sanity/image-url has been deprecated. Use the named export `createImageUrlBuilder` instead.
The default export of @sanity/image-url has been deprecated. Use the named export `createImageUrlBuilder` instead.
The default export of @sanity/image-url has been deprecated. Use the named export `createImageUrlBuilder` instead.
The default export of @sanity/image-url has been deprecated. Use the named export `createImageUrlBuilder` instead.
The default export of @sanity/image-url has been deprecated. Use the named export `createImageUrlBuilder` instead.
The default export of @sanity/image-url has been deprecated. Use the named export `createImageUrlBuilder` instead.
  Generating static pages using 15 workers (0/70) ...
The default export of @sanity/image-url has been deprecated. Use the named export `createImageUrlBuilder` instead.
The default export of @sanity/image-url has been deprecated. Use the named export `createImageUrlBuilder` instead.
  Generating static pages using 15 workers (17/70) 
  Generating static pages using 15 workers (34/70) 
The default export of @sanity/image-url has been deprecated. Use the named export `createImageUrlBuilder` instead.
  Generating static pages using 15 workers (52/70) 
The default export of @sanity/image-url has been deprecated. Use the named export `createImageUrlBuilder` instead.
Γ£ô Generating static pages using 15 workers (70/70) in 10.1s
  Finalizing page optimization ...

Route (app)                                            Revalidate  Expire
Γöî Γùï /                                                          1m      1y
Γö£ Γùï /_not-found
Γö£ Γùï /about
Γö£ Γùï /auth
Γö£ Γùï /blogs                                                     1m      1y
Γö£ ΓùÅ /blogs/[slug]                                              1m      1y
Γöé Γö£ /blogs/new blog of nithin                                  1m      1y
Γöé Γö£ /blogs/getting-started-machine-learning-2024               1m      1y
Γöé Γö£ /blogs/essential-linux-commands                            1m      1y
Γöé Γöö [+23 more paths]
Γö£ Γùï /categories                                                1m      1y
Γö£ ΓùÅ /categories/[slug]                                         1m      1y
Γöé Γö£ /categories/linux                                          1m      1y
Γöé Γö£ /categories/networking                                     1m      1y
Γöé Γö£ /categories/notes                                          1m      1y
Γöé Γöö [+10 more paths]
Γö£ Γùï /disclaimer
Γö£ Γùï /interesting-tricks                                        1m      1y
Γö£ ΓùÅ /interesting-tricks/[slug]                                 1m      1y
Γöé Γö£ /interesting-tricks/find-wifi-password-windows             1m      1y
Γöé Γö£ /interesting-tricks/recover-deleted-files-windows          1m      1y
Γöé Γö£ /interesting-tricks/laptop-as-second-monitor               1m      1y
Γöé Γöö [+14 more paths]
Γö£ Γùï /privacy
Γö£ Γùï /resources                                                 1m      1y
Γö£ Γùï /robots.txt
Γö£ Γùï /sitemap.xml                                               1h      1y
Γö£ ╞Æ /studio/[[...tool]]
Γöö Γùï /terms


Γùï  (Static)   prerendered as static content
ΓùÅ  (SSG)      prerendered as static HTML (uses generateStaticParams)
╞Æ  (Dynamic)  server-rendered on demand

